<html>
<body>
<pre>
<h1>µVision Build Log</h1>
<h2>Tool Versions:</h2>
IDE-Version: ¦ÌVision V5.36.0.0
Copyright (C) 2021 ARM Ltd and ARM Germany GmbH. All rights reserved.
License Information: ML JC, CUIT, LIC=SDA0P-M0G5T-TGZ7T-RQR4W-78GHL-WGFCG
 
Tool Versions:
Toolchain:       MDK-ARM Plus  Version: 5.36.0.0
Toolchain Path:  D:\Program Files\KEIL_V536\ARM\ARMCC\Bin
C Compiler:      Armcc.exe V5.06 update 7 (build 960)
Assembler:       Armasm.exe V5.06 update 7 (build 960)
Linker/Locator:  ArmLink.exe V5.06 update 7 (build 960)
Library Manager: ArmAr.exe V5.06 update 7 (build 960)
Hex Converter:   FromElf.exe V5.06 update 7 (build 960)
CPU DLL:         SARMCM3.DLL V5.36.0.0
Dialog DLL:      DARMCM1.DLL V1.19.4.0
Target DLL:      CMSIS_AGDI.dll V1.33.0.0
Dialog DLL:      TARMCM1.DLL V1.14.4.0
 
<h2>Project:</h2>
E:\Microcontroller\Holtek\Holtek\MDK-ARM\Holtek.uvprojx
Project File Date:  03/01/2024

<h2>Output:</h2>
*** Using Compiler 'V5.06 update 7 (build 960)', folder: 'D:\Program Files\KEIL_V536\ARM\ARMCC\Bin'
Build target 'Holtek Project'
compiling main.c...
linking...
Program Size: Code=7612 RO-data=344 RW-data=148 ZI-data=10124  
FromELF: creating hex file...
".\Objects\Holtek.axf" - 0 Error(s), 0 Warning(s).

<h2>Software Packages used:</h2>

Package Vendor: Holtek
                https://mcu.holtek.com.tw/pack/Holtek.HT32_DFP.1.0.54.pack
                Holtek.HT32_DFP.1.0.54
                Holtek HT32 Family Support

<h2>Collection of Component include folders:</h2>
  C:\Users\mulai\AppData\Local\Arm\Packs\Holtek\HT32_DFP\1.0.54\ARM\INC\Holtek\HT32F5xxxx

<h2>Collection of Component Files used:</h2>
Build Time Elapsed:  00:00:00
</pre>
</body>
</html>
